19 1 35 26 15 32 6 13 30 34 39 28 16 29 36 33 31 8 12 7 38 14 25 22 9 5 11 27 24 10 0 21 20 18 23 4 17 37 3 2 
