70 82 123 43 30 86 156 128 138 140 76 108 122 58 126 44 38 80 59 158 104 33 37 21 39 129 74 113 20 32 135 100 153 46 13 84 94 137 17 93 133 1 9 42 45 53 72 109 147 18 7 25 150 144 60 157 23 92 127 107 125 8 117 114 78 31 73 77 50 88 63 139 112 143 64 87 98 142 48 71 66 49 149 4 96 119 99 152 12 120 75 47 141 145 101 15 3 0 148 146 26 136 52 5 89 16 106 27 132 124 103 40 134 151 62 55 85 34 131 54 56 51 105 115 130 159 65 2 41 154 19 110 118 36 61 121 57 116 69 102 35 83 28 24 95 91 11 97 111 90 68 22 29 10 6 155 79 67 14 81 
