46 53 73 21 38 51 42 31 68 37 76 83 45 39 14 8 74 78 59 85 52 23 63 69 22 44 20 77 71 62 16 89 41 72 10 75 58 11 25 70 24 86 15 36 34 82 61 67 33 49 17 28 55 35 32 88 43 2 48 60 9 57 18 50 65 27 7 84 80 3 29 26 12 0 13 64 79 66 4 40 5 54 30 47 81 87 6 56 19 1 
