21 58 88 27 30 37 19 2 5 62 3 4 28 49 7 40 79 26 43 89 6 52 60 85 75 91 61 64 65 22 1 42 73 98 10 66 36 87 72 18 92 34 50 81 93 20 82 53 76 78 23 12 74 77 63 17 39 55 14 51 48 44 68 45 41 86 38 31 33 97 99 70 69 47 32 95 9 67 80 83 11 54 84 0 15 25 56 13 59 57 46 8 94 16 35 24 71 96 90 29 
