33 7 27 20 21 16 0 2 39 36 10 32 17 11 35 4 8 26 34 31 9 29 19 23 6 13 24 12 3 15 18 38 1 28 37 14 25 30 22 5 
