19 1 96 115 56 35 132 105 156 125 83 128 158 152 100 90 136 43 50 124 154 109 69 26 85 15 70 72 74 32 45 40 78 122 92 161 48 53 114 108 6 65 30 99 46 126 113 13 59 60 134 121 34 148 28 86 88 39 112 77 118 16 42 29 12 36 71 144 73 67 31 64 33 84 101 153 8 47 61 7 138 119 98 51 117 103 38 94 58 165 91 80 139 145 14 63 22 116 79 168 25 140 68 164 89 141 9 110 151 81 11 52 27 5 24 21 49 150 102 133 129 55 146 157 10 97 0 127 75 149 93 95 17 62 20 41 143 120 18 106 130 160 66 159 142 166 111 23 4 123 163 76 57 54 155 37 131 104 3 107 87 169 82 167 162 44 137 135 147 2 
