117 108 105 63 46 3 128 60 83 87 74 101 31 95 0 71 20 41 1 125 58 94 123 26 141 70 28 76 69 11 43 107 52 113 19 37 25 53 121 137 139 14 59 80 88 17 133 5 18 130 48 104 38 114 64 29 89 112 73 4 40 30 13 2 16 33 61 75 110 24 90 65 103 54 116 145 27 146 99 55 96 47 98 149 144 111 66 142 8 131 135 77 45 129 10 9 97 84 132 23 91 56 147 7 86 79 49 119 22 134 122 127 62 126 115 82 15 92 51 12 32 34 106 136 143 140 50 78 85 102 120 93 118 36 39 72 67 57 148 35 100 124 6 21 44 109 42 68 138 81 
