22 48 127 15 128 38 55 27 129 106 31 83 105 14 40 113 6 28 104 80 71 5 100 97 51 24 19 111 93 112 37 50 23 0 118 123 46 21 53 126 90 125 16 67 95 81 35 75 13 10 103 43 116 120 124 44 92 41 49 4 98 1 47 102 66 84 73 94 101 25 11 87 117 54 76 60 74 65 52 64 26 85 72 62 99 78 89 56 70 45 32 2 115 33 63 68 20 12 107 29 9 109 17 57 77 79 119 39 3 7 88 96 91 61 108 30 59 58 122 42 8 34 86 82 36 121 114 69 110 18 
