18 23 10 24 7 2 28 5 3 27 14 26 20 1 6 4 25 19 12 0 8 17 9 13 21 22 15 16 11 29 
