18 15 63 4 78 93 10 88 81 151 42 35 37 125 162 102 123 9 34 65 6 40 60 51 157 73 21 80 17 176 147 179 165 27 156 122 79 144 67 59 129 46 142 175 38 159 149 77 111 25 128 148 85 169 92 7 112 114 166 96 58 0 41 117 109 90 105 133 153 49 2 23 1 55 168 24 32 154 22 28 141 143 121 47 43 54 86 124 14 83 126 71 138 127 82 84 69 167 98 171 132 135 39 107 91 45 61 140 16 146 5 170 56 57 177 76 94 104 137 44 66 110 12 158 115 118 160 75 52 3 134 74 87 33 13 72 62 174 108 178 163 119 29 113 164 19 48 95 11 99 172 100 97 136 145 103 120 30 101 173 8 70 64 131 106 130 31 139 161 155 68 36 26 53 50 150 89 20 152 116 
