169 50 149 109 108 34 92 160 0 72 86 124 156 88 27 60 135 53 150 1 189 51 22 153 173 81 121 137 87 21 20 32 182 91 177 185 142 100 118 134 45 180 59 84 36 113 70 33 114 97 6 47 11 122 148 161 186 9 170 157 171 43 5 110 175 66 77 26 159 78 162 168 14 54 151 17 139 131 155 68 184 35 69 44 52 29 39 23 158 183 147 83 176 46 65 188 98 63 8 178 67 12 4 85 133 42 140 38 7 103 144 79 165 166 120 152 172 10 2 71 128 146 132 187 28 90 111 119 80 62 141 163 31 115 112 107 102 19 94 40 16 123 25 154 93 127 41 130 49 174 106 116 24 56 15 129 61 125 30 181 82 64 117 138 58 104 145 18 73 105 167 89 48 3 96 143 57 95 101 126 55 13 74 76 75 179 37 99 164 136 
