2 27 34 14 48 5 40 41 3 24 0 10 46 33 49 32 44 22 30 9 20 8 45 42 1 31 19 13 12 36 21 39 15 11 38 23 43 7 17 37 16 28 18 4 47 29 25 35 26 6 
