12 24 4 27 13 17 20 22 10 21 0 9 18 11 7 26 19 29 16 1 3 14 28 6 25 15 8 2 5 23 
