57 9 64 28 48 58 54 56 22 42 5 33 44 49 47 34 19 51 14 18 67 6 53 25 65 23 52 60 41 69 13 66 62 21 68 4 1 16 15 39 43 46 50 20 10 31 7 3 36 12 17 27 29 24 55 63 35 30 38 11 59 8 2 45 26 40 0 61 37 32 
