16 6 3 5 10 13 11 12 0 8 18 19 1 15 2 7 9 14 4 17 
