38 77 27 26 2 1 10 54 56 53 50 12 84 7 25 42 17 98 18 8 79 47 46 6 21 97 40 16 22 73 99 44 67 63 83 33 68 92 29 35 41 74 58 64 71 90 69 88 87 86 55 43 70 14 5 52 61 82 76 48 31 15 3 13 60 32 0 89 30 80 59 81 96 75 65 28 37 62 20 34 66 4 85 45 78 94 23 72 36 39 24 11 9 19 91 51 95 57 93 49 
