112 23 151 58 39 11 0 74 76 72 47 4 104 103 77 8 125 67 54 31 92 135 24 142 33 129 69 61 6 122 21 44 2 10 141 134 132 81 70 131 139 22 15 83 32 87 84 46 157 38 28 116 108 105 40 79 36 27 19 140 25 5 55 146 120 45 127 148 155 96 123 117 149 65 17 53 41 126 57 99 37 121 73 13 128 68 137 43 130 34 49 100 26 64 42 110 86 12 145 48 147 82 16 59 56 52 153 14 144 78 136 93 114 80 1 107 3 119 71 152 97 138 18 51 9 62 50 111 101 29 89 85 102 60 98 88 109 90 156 63 66 143 91 124 106 7 154 113 20 150 95 118 75 35 94 158 159 133 115 30 
