23 10 18 13 26 25 19 2 4 5 0 12 7 17 27 24 14 15 20 6 3 22 16 29 1 21 28 9 8 11 
