29 157 35 185 73 74 14 1 187 111 128 181 16 183 168 136 144 186 78 94 20 84 2 83 124 96 92 149 87 6 4 37 121 138 107 172 65 119 93 169 110 113 26 85 106 68 81 40 41 76 99 12 42 30 166 86 24 89 63 117 179 3 133 101 146 13 118 103 97 114 0 153 19 126 188 127 189 161 158 152 148 50 39 77 167 27 123 49 18 135 129 58 176 143 137 90 44 102 8 80 159 100 34 104 79 132 60 180 69 154 145 125 178 71 75 122 95 115 175 38 147 54 45 162 31 33 170 171 141 10 182 139 57 150 108 112 174 116 91 21 142 51 9 66 177 98 131 184 165 17 163 120 64 59 23 46 55 140 56 25 88 156 72 70 48 15 105 109 47 82 36 53 151 28 155 62 61 43 7 32 11 130 173 5 164 160 134 52 22 67 
