42 50 35 41 28 39 29 47 5 8 72 18 69 45 48 46 19 44 53 74 21 65 26 75 30 10 2 76 25 51 7 20 56 68 34 63 55 11 64 73 67 78 54 17 43 3 1 0 9 23 16 27 6 71 33 62 13 59 40 15 32 24 77 12 60 36 79 66 4 31 52 61 38 58 22 57 70 14 49 37 
