30 73 139 22 142 60 11 55 77 67 156 54 89 56 117 109 147 148 51 82 120 27 116 4 78 65 88 61 69 79 39 130 110 70 126 121 68 33 53 23 20 86 5 74 16 35 44 2 102 64 98 108 57 146 111 76 52 114 75 104 71 49 50 132 95 151 154 99 138 96 115 46 157 125 58 45 31 159 17 127 158 41 85 143 150 6 124 122 112 15 32 144 3 24 0 84 90 10 92 87 72 1 26 152 128 29 119 100 91 149 59 80 107 113 63 136 131 133 140 36 38 48 105 28 135 93 42 94 47 7 153 118 43 19 14 37 40 137 141 103 97 101 155 123 83 21 106 9 81 129 34 66 12 134 13 25 62 145 18 8 
