16 69 38 18 89 34 70 47 88 51 71 53 60 67 68 33 9 8 76 3 55 35 52 54 44 58 13 41 23 17 59 4 45 57 31 78 82 64 75 48 10 12 50 6 36 49 66 30 85 65 63 72 43 46 40 73 62 29 77 87 84 25 5 81 37 32 14 21 22 11 83 27 19 56 24 42 39 20 74 80 7 79 86 28 61 1 2 15 0 26 
