30 85 34 13 53 29 98 11 68 62 58 95 99 48 83 79 46 31 24 107 15 108 49 21 5 101 69 55 75 25 32 87 76 42 47 82 63 92 44 4 38 27 90 43 1 103 97 77 91 3 18 23 100 9 40 106 70 41 2 39 80 20 7 93 10 37 84 28 33 61 104 71 74 109 67 72 51 65 88 12 17 8 56 59 60 57 78 94 86 6 89 96 50 45 81 0 52 102 22 16 14 19 73 105 66 26 64 36 54 35 
