71 66 22 18 50 42 70 108 87 36 45 86 80 26 77 38 99 95 17 109 4 88 73 46 98 14 67 69 3 53 82 32 27 31 79 9 58 39 30 16 29 78 19 54 61 23 56 62 59 72 2 44 8 83 37 64 55 106 107 5 91 10 47 57 11 49 68 105 43 48 1 103 6 65 12 0 35 101 60 40 96 102 92 33 21 63 24 15 20 75 89 51 25 104 100 97 52 13 34 76 81 94 84 7 93 85 90 41 28 74 
