12 15 63 101 67 9 149 113 143 127 53 33 41 102 1 133 124 46 8 137 10 84 44 23 147 69 77 65 35 76 39 64 40 60 104 121 32 47 3 26 56 134 105 131 142 109 89 25 14 61 71 42 148 144 51 95 96 146 122 140 34 4 79 0 87 119 16 112 6 72 31 94 103 58 37 7 59 136 120 126 49 90 85 132 129 50 91 18 83 29 99 128 125 97 24 52 110 38 145 62 114 108 111 86 116 36 45 138 135 82 139 80 100 19 141 20 73 70 106 17 28 68 92 30 93 75 117 123 22 66 27 43 54 57 88 21 107 118 11 2 55 74 13 98 130 48 115 81 5 78 
