19 31 25 21 27 34 11 16 24 13 35 39 6 36 28 30 22 5 9 2 4 7 8 23 15 17 33 3 20 26 38 10 32 12 14 37 29 1 0 18 
