17 67 14 81 60 4 72 114 10 75 34 127 132 112 33 56 115 85 94 9 62 40 6 107 49 77 20 74 16 104 26 73 130 89 36 39 44 133 136 117 71 24 84 78 137 100 103 118 7 119 113 0 64 57 38 97 138 122 47 2 22 1 23 135 31 120 35 21 27 63 139 80 45 79 32 13 116 102 124 121 105 110 82 55 99 88 90 109 87 43 65 15 128 5 134 54 70 96 111 126 12 69 50 3 123 76 28 68 59 37 18 129 46 11 91 92 125 95 58 131 29 93 41 8 66 61 42 106 98 30 52 53 86 25 83 51 48 101 108 19 
