71 102 12 175 48 143 37 136 74 35 108 1 166 3 60 36 23 44 156 38 85 78 79 9 131 25 43 30 0 115 126 163 170 46 128 139 14 59 106 110 149 7 31 21 51 176 179 2 171 68 52 177 5 141 153 103 84 88 53 39 45 107 16 65 114 54 11 148 152 129 26 81 62 89 111 24 99 58 145 116 123 172 76 154 97 165 6 138 157 83 159 93 134 161 15 77 29 33 164 87 135 133 140 40 147 27 28 98 96 67 160 80 92 117 119 19 122 101 82 113 69 41 109 137 90 86 127 50 169 66 151 4 155 100 104 125 121 167 20 55 73 75 49 56 34 120 168 57 42 17 132 144 146 174 112 178 61 47 13 95 158 32 142 10 72 150 91 124 63 162 70 130 8 22 173 18 105 94 118 64 
