27 12 11 32 5 48 28 42 14 37 17 35 3 1 41 43 46 20 29 22 33 38 9 15 30 0 18 13 34 19 10 16 25 2 39 31 21 6 26 47 8 24 4 45 40 44 23 7 49 36 
