88 70 52 43 114 77 85 31 61 98 16 82 63 55 106 118 51 46 75 79 87 89 91 109 93 62 22 58 28 108 49 113 17 74 102 6 95 80 39 5 42 44 72 48 71 110 116 65 29 9 86 115 33 97 111 104 66 107 96 92 0 119 4 57 10 13 15 103 21 38 90 64 7 12 68 14 50 47 73 101 20 23 94 25 83 60 59 27 36 24 81 54 18 2 3 56 35 37 78 40 19 100 67 69 53 105 45 41 76 11 99 8 112 84 30 32 34 117 1 26 
