22 69 102 95 11 93 23 116 103 77 43 47 78 104 40 59 10 90 51 105 86 52 106 9 108 17 2 8 41 48 67 118 30 24 101 50 35 88 75 32 56 53 81 82 74 63 87 19 0 5 14 12 3 92 112 34 55 31 21 57 113 46 33 72 54 60 85 96 68 76 4 18 61 117 62 36 7 26 94 98 13 119 37 115 28 91 71 58 38 70 45 6 100 83 65 84 97 73 42 109 110 16 64 29 44 39 15 27 89 80 79 1 107 114 99 66 111 49 20 25 
