53 149 137 9 80 134 152 84 26 62 159 72 58 104 33 100 42 73 38 91 107 126 125 144 129 114 41 94 166 132 133 64 98 61 97 31 85 24 99 168 117 83 138 74 14 93 66 49 139 55 135 105 169 157 153 122 102 127 108 130 7 68 2 54 18 147 155 48 36 46 5 87 75 136 109 3 22 34 8 59 30 21 113 121 106 13 56 124 119 50 52 37 19 158 81 71 45 69 92 23 161 154 51 145 40 143 163 162 156 140 164 79 39 118 17 165 47 128 28 167 20 60 6 141 25 78 116 115 1 4 16 43 96 77 11 95 150 27 131 101 148 82 0 44 90 35 70 12 29 151 160 123 120 65 63 76 146 89 10 142 32 88 57 86 103 15 67 110 112 111 
