0 28 21 16 9 18 12 1 6 22 23 17 15 19 5 8 29 25 26 2 20 13 10 3 11 7 24 27 14 4 
