14 16 9 8 10 17 11 29 4 21 20 3 5 23 1 18 0 27 13 6 2 25 15 24 26 19 28 12 7 22 
