37 3 11 45 46 20 19 29 38 32 5 28 47 27 34 7 14 10 30 17 42 44 18 25 2 9 35 49 16 23 40 33 4 41 1 12 15 48 39 13 22 6 31 21 36 43 0 24 8 26 
