22 88 74 49 80 17 101 81 99 84 59 28 38 31 14 9 116 115 97 90 63 48 7 104 70 53 114 77 86 66 91 44 27 67 1 42 82 19 113 36 43 26 50 75 87 0 109 2 33 85 5 64 68 18 110 118 61 6 71 35 107 55 13 37 39 93 51 3 92 96 4 119 58 16 23 32 94 98 8 83 89 25 62 69 10 108 34 95 100 65 117 29 57 15 52 40 60 78 56 112 24 72 103 105 106 21 47 30 41 46 111 54 12 11 79 76 73 102 45 20 
