1 6 121 19 102 70 53 35 176 14 124 165 169 28 26 144 173 177 105 130 31 29 98 39 156 90 40 171 65 89 57 52 27 55 150 141 85 135 146 41 96 145 139 92 23 36 179 118 10 15 116 175 86 16 44 166 106 140 101 17 153 164 99 157 66 138 161 60 154 174 33 80 69 78 172 147 0 12 152 117 51 68 160 143 137 129 62 61 149 134 73 142 46 120 34 37 112 123 100 30 136 113 43 103 13 184 162 114 97 122 167 84 5 95 185 125 67 81 25 24 75 77 133 63 115 22 56 119 54 8 151 64 131 21 72 189 168 128 107 76 111 42 188 163 88 18 50 186 127 94 2 93 74 3 4 87 110 158 11 32 91 71 20 159 82 178 109 155 38 7 180 170 47 108 59 104 48 79 83 49 183 58 181 9 148 126 182 45 132 187 
