83 92 59 72 113 82 38 111 57 119 46 10 35 6 20 98 33 37 79 21 97 71 54 62 105 90 50 66 24 75 52 51 12 101 68 108 29 3 34 60 9 106 110 28 55 7 64 78 118 69 39 48 31 40 13 77 112 100 96 49 74 19 85 4 63 2 0 107 91 80 116 11 53 26 18 8 15 115 14 43 70 47 17 27 117 5 61 76 45 88 84 25 114 36 89 67 94 56 103 16 104 58 44 1 32 95 23 73 87 93 22 109 30 41 81 102 99 86 42 65 
