91 85 134 8 17 156 128 136 39 114 121 51 117 10 125 55 119 9 133 139 103 16 4 42 14 79 93 21 144 86 152 137 36 63 67 123 108 46 37 148 58 18 82 95 115 70 34 84 101 140 1 40 131 157 35 49 65 61 80 159 116 23 102 0 109 146 62 105 27 145 59 32 45 47 111 81 74 33 76 73 96 158 30 88 64 135 113 54 72 130 41 15 25 153 48 69 106 13 6 44 92 2 11 22 147 53 150 7 29 97 94 118 20 90 99 50 68 138 143 60 126 154 38 12 149 122 3 127 100 112 71 57 142 78 28 155 129 141 43 89 5 151 124 75 66 87 120 98 52 19 56 107 77 24 83 104 26 110 132 31 
