17 67 14 81 60 4 72 114 10 75 34 140 127 132 112 33 56 115 85 150 94 9 62 40 6 107 49 145 77 156 20 74 16 104 153 26 144 73 130 89 36 39 44 159 133 147 136 117 71 24 84 78 137 100 103 118 7 162 154 119 113 0 64 57 38 166 97 138 122 141 47 2 22 1 23 169 135 31 120 35 142 21 27 63 139 167 168 80 45 165 79 32 13 116 102 124 121 105 110 82 55 160 99 88 161 90 109 164 87 43 65 15 128 5 134 54 70 96 111 126 158 12 146 148 69 50 3 123 76 151 28 68 59 152 37 18 129 46 163 11 155 91 92 125 95 58 131 29 93 41 8 66 61 157 42 106 98 30 52 149 53 143 86 25 83 51 48 101 108 19 
