38 48 85 62 64 40 104 100 9 60 20 19 102 68 89 81 54 24 73 41 4 42 74 96 51 3 109 78 7 58 13 66 94 16 106 97 44 101 77 52 14 61 79 98 105 17 75 10 107 59 76 34 5 33 88 49 2 69 0 90 92 99 1 37 11 28 50 31 47 93 108 12 65 72 55 91 27 87 39 26 82 84 15 86 56 23 45 6 18 80 22 71 8 53 57 36 35 32 46 95 43 83 103 29 30 63 21 67 70 25 
