64 82 49 83 62 71 39 61 48 26 11 70 27 45 89 84 75 37 19 14 73 77 43 57 8 31 53 15 23 56 6 40 85 30 46 58 36 60 24 29 81 52 86 2 59 47 16 5 22 65 34 54 66 67 4 50 28 21 0 9 33 78 1 51 10 41 80 35 3 74 87 63 38 44 72 25 20 68 69 12 32 88 7 42 55 17 13 18 79 76 
