80 25 154 175 93 54 143 122 165 147 24 130 126 48 38 107 98 66 83 103 111 170 173 159 179 155 59 137 102 31 72 26 57 112 168 132 110 85 73 49 91 75 4 141 162 97 145 136 100 127 87 151 109 119 90 150 20 106 0 89 121 131 161 30 12 33 156 9 94 68 96 172 171 23 88 99 11 44 69 108 62 56 167 81 51 135 19 39 65 2 169 139 153 10 174 34 146 53 36 123 144 7 86 60 15 158 58 138 82 13 114 40 18 37 76 125 129 35 14 61 16 163 74 101 120 3 64 142 32 43 1 55 118 17 115 178 124 52 92 128 6 22 63 27 166 148 177 45 140 70 157 133 79 95 42 117 29 116 105 78 104 164 113 41 8 149 77 28 21 152 5 84 50 176 134 71 160 47 67 46 
