8 49 81 141 106 13 58 122 48 111 136 69 137 72 46 101 133 71 88 138 32 109 42 144 35 3 91 39 63 112 124 143 149 113 98 105 55 132 17 76 16 128 134 37 7 70 11 110 0 54 52 104 125 4 25 31 29 20 22 47 6 116 100 15 5 83 102 96 9 45 93 84 146 97 145 34 92 103 18 86 66 60 139 67 61 129 80 59 78 41 1 126 36 95 62 75 26 23 130 73 89 121 51 77 85 30 65 12 53 2 87 117 33 40 142 140 28 68 99 114 147 27 43 94 14 74 44 119 90 123 64 79 107 120 56 118 82 131 24 115 21 10 38 127 148 50 135 108 57 19 
