31 82 15 7 21 87 28 63 10 19 64 74 116 0 33 41 89 4 54 2 110 34 23 16 8 111 50 30 93 115 97 95 38 56 35 83 18 20 103 100 108 37 109 90 39 6 27 26 32 14 13 80 65 94 91 48 3 92 118 113 25 44 43 62 119 79 77 78 86 22 36 46 52 47 11 29 69 61 85 12 68 117 99 59 49 45 17 73 9 88 55 5 76 107 105 101 98 58 81 84 114 42 106 57 71 70 66 72 53 96 1 104 24 40 51 60 67 112 75 102 
