1 78 44 29 8 0 114 116 56 54 89 38 74 3 113 91 73 70 68 6 86 23 24 50 67 95 101 2 40 15 52 46 16 106 7 47 99 94 60 53 97 112 11 34 62 82 65 63 57 110 49 22 36 28 80 76 117 100 107 75 92 30 98 26 21 4 118 41 64 102 104 88 109 85 81 59 105 13 58 84 5 39 79 43 87 115 71 35 14 27 31 55 66 10 93 96 51 17 32 72 25 37 20 33 83 48 119 77 103 9 12 61 69 45 19 18 42 111 108 90 
