60 29 78 12 2 61 35 48 40 24 76 18 50 82 19 49 4 98 77 90 11 83 16 43 92 89 46 81 96 27 30 0 23 74 68 20 15 63 1 28 87 21 32 38 55 33 59 95 72 75 94 57 62 93 88 42 53 67 37 51 36 99 70 45 47 34 6 79 17 84 14 10 7 8 26 58 69 52 25 80 86 65 39 41 13 44 56 66 97 85 5 64 3 22 54 31 73 9 91 71 
