75 53 154 93 162 185 55 4 180 86 78 193 175 80 76 130 148 137 143 87 90 92 160 103 43 127 174 57 95 129 74 153 199 19 181 128 26 102 152 83 81 149 18 77 34 135 168 60 85 8 176 29 7 37 178 27 52 114 109 13 192 1 17 100 150 177 123 54 111 107 163 32 31 115 113 183 25 125 166 169 38 157 36 151 40 68 133 14 134 89 197 84 11 188 46 50 39 191 141 140 167 79 110 51 44 118 16 63 171 45 138 170 186 98 159 94 20 97 155 121 47 72 136 41 145 161 108 196 195 122 187 0 24 101 65 42 12 28 146 104 67 132 35 58 5 6 33 117 30 88 15 105 164 124 69 173 3 66 64 139 198 73 126 99 172 22 71 23 49 147 82 70 158 182 116 91 120 59 142 194 156 10 96 2 48 56 165 184 62 189 131 119 106 190 179 21 61 9 144 112 
