124 99 1 32 68 35 39 67 23 110 22 42 112 10 21 40 126 115 15 116 100 6 119 105 123 62 118 106 18 73 9 46 16 19 41 63 98 96 58 48 54 127 20 72 125 117 14 97 31 103 101 30 85 64 45 47 49 33 55 111 89 57 79 122 91 28 77 76 92 108 3 52 66 71 7 8 75 37 84 129 128 13 34 4 60 12 107 95 69 88 5 121 80 50 24 26 61 81 59 11 70 43 51 94 83 90 113 27 0 120 56 78 114 82 53 102 44 38 86 17 93 104 29 36 25 2 74 87 65 109 
